   1              		.cpu arm7tdmi
   2              		.fpu softvfp
   3              		.eabi_attribute 20, 1
   4              		.eabi_attribute 21, 1
   5              		.eabi_attribute 23, 3
   6              		.eabi_attribute 24, 1
   7              		.eabi_attribute 25, 1
   8              		.eabi_attribute 26, 1
   9              		.eabi_attribute 30, 6
  10              		.eabi_attribute 18, 4
  11              		.file	"main.c"
  21              	.Ltext0:
  22              		.file 1 "../main.c"
 1811              		.align	2
 1812              		.global	main
 1814              	main:
 1815              	.LFB0:
   1:../main.c     **** /*-------------------------------------------------------------------
   2:../main.c     **** **
   3:../main.c     **** **  Fichero:
   4:../main.c     **** **    main.c  10/6/2014
   5:../main.c     **** **
   6:../main.c     **** **    Estructura de Computadores
   7:../main.c     **** **    Dpto. de Arquitectura de Computadores y Automática
   8:../main.c     **** **    Facultad de Informática. Universidad Complutense de Madrid
   9:../main.c     **** **
  10:../main.c     **** **  Propósito:
  11:../main.c     **** **    Implementa el juego del mastermind
  12:../main.c     **** **
  13:../main.c     **** **  Notas de diseño:
  14:../main.c     **** **
  15:../main.c     **** **-----------------------------------------------------------------*/
  16:../main.c     **** 
  17:../main.c     **** #include "44b.h"
  18:../main.c     **** #include "utils.h"
  19:../main.c     **** #include "leds.h"
  20:../main.c     **** #include "D8Led.h"
  21:../main.c     **** #include "timer.h"
  22:../main.c     **** #include "keyboard.h"
  23:../main.c     **** 
  24:../main.c     **** int main(void)
  25:../main.c     **** {	
 1816              		.loc 1 25 0
 1817              		.cfi_startproc
 1818              		@ Function supports interworking.
 1819              		@ args = 0, pretend = 0, frame = 0
 1820              		@ frame_needed = 1, uses_anonymous_args = 0
 1821 0000 0DC0A0E1 		mov	ip, sp
 1822              	.LCFI0:
 1823              		.cfi_def_cfa_register 12
 1824 0004 00D82DE9 		stmfd	sp!, {fp, ip, lr, pc}
 1825 0008 04B04CE2 		sub	fp, ip, #4
 1826              		.cfi_offset 14, -8
 1827              		.cfi_offset 13, -12
 1828              		.cfi_offset 11, -16
 1829              	.LCFI1:
 1830              		.cfi_def_cfa 11, 4
  26:../main.c     **** 
  27:../main.c     **** 
  28:../main.c     **** 	Delay(0);
 1831              		.loc 1 28 0
 1832 000c 0000A0E3 		mov	r0, #0
 1833 0010 FEFFFFEB 		bl	Delay
 1834              	.L2:
  29:../main.c     **** 		
  30:../main.c     **** 	while(1);
 1835              		.loc 1 30 0 discriminator 1
 1836 0014 FEFFFFEA 		b	.L2
 1837              		.cfi_endproc
 1838              	.LFE0:
 1840              	.Letext0:
DEFINED SYMBOLS
                            *ABS*:00000000 main.c
C:\Users\JOSIGN~1\AppData\Local\Temp\ccyB0CCa.s:1811   .text:00000000 $a
C:\Users\JOSIGN~1\AppData\Local\Temp\ccyB0CCa.s:1814   .text:00000000 main
                     .debug_frame:00000010 $d

UNDEFINED SYMBOLS
Delay
