   1              		.cpu arm7tdmi
   2              		.fpu softvfp
   3              		.eabi_attribute 20, 1
   4              		.eabi_attribute 21, 1
   5              		.eabi_attribute 23, 3
   6              		.eabi_attribute 24, 1
   7              		.eabi_attribute 25, 1
   8              		.eabi_attribute 26, 1
   9              		.eabi_attribute 30, 6
  10              		.eabi_attribute 18, 4
  11              		.file	"utils.c"
  21              	.Ltext0:
  22              		.file 1 "../utils.c"
 1774              		.align	2
 1777              	delayLoopCount:
 1778 0000 90010000 		.word	400
 1779              		.global	__aeabi_idiv
 1780              		.text
 1781              		.align	2
 1782              		.global	Delay
 1784              	Delay:
 1785              	.LFB0:
   1:../utils.c    **** /*-------------------------------------------------------------------
   2:../utils.c    **** **
   3:../utils.c    **** **  Fichero:
   4:../utils.c    **** **    utils.c  10/6/2014
   5:../utils.c    **** **
   6:../utils.c    **** **    Estructura de Computadores
   7:../utils.c    **** **    Dpto. de Arquitectura de Computadores y Automática
   8:../utils.c    **** **    Facultad de Informática. Universidad Complutense de Madrid
   9:../utils.c    **** **
  10:../utils.c    **** **  Propósito:
  11:../utils.c    **** **    Contiene las implementaciones de funciones auxiliares
  12:../utils.c    **** **
  13:../utils.c    **** **  Notas de diseño:
  14:../utils.c    **** **    Equivale al fichero homónimo usado en Fundamentos de Computadores 
  15:../utils.c    **** **
  16:../utils.c    **** **-----------------------------------------------------------------*/
  17:../utils.c    **** 
  18:../utils.c    **** #include "44b.h"
  19:../utils.c    **** #define MCLK 64000000
  20:../utils.c    **** 
  21:../utils.c    **** //--------------------------------SYSTEM---------------------------------//
  22:../utils.c    **** static int delayLoopCount=400;
  23:../utils.c    **** 
  24:../utils.c    **** void Delay(int time)
  25:../utils.c    **** // time=0: adjust the Delay function by WatchDog timer.//
  26:../utils.c    **** // time>0: the number of loop time//
  27:../utils.c    **** // 100us resolution.//
  28:../utils.c    **** {
 1786              		.loc 1 28 0
 1787              		.cfi_startproc
 1788              		@ Function supports interworking.
 1789              		@ args = 0, pretend = 0, frame = 16
 1790              		@ frame_needed = 1, uses_anonymous_args = 0
 1791 0000 0DC0A0E1 		mov	ip, sp
 1792              	.LCFI0:
 1793              		.cfi_def_cfa_register 12
 1794 0004 00D82DE9 		stmfd	sp!, {fp, ip, lr, pc}
 1795 0008 04B04CE2 		sub	fp, ip, #4
 1796              		.cfi_offset 14, -8
 1797              		.cfi_offset 13, -12
 1798              		.cfi_offset 11, -16
 1799              	.LCFI1:
 1800              		.cfi_def_cfa 11, 4
 1801 000c 10D04DE2 		sub	sp, sp, #16
 1802 0010 18000BE5 		str	r0, [fp, #-24]
  29:../utils.c    **** 	int i,adjust=0;
 1803              		.loc 1 29 0
 1804 0014 0030A0E3 		mov	r3, #0
 1805 0018 14300BE5 		str	r3, [fp, #-20]
  30:../utils.c    **** 	if(time==0)
 1806              		.loc 1 30 0
 1807 001c 18301BE5 		ldr	r3, [fp, #-24]
 1808 0020 000053E3 		cmp	r3, #0
 1809 0024 2100001A 		bne	.L3
  31:../utils.c    **** 	{
  32:../utils.c    **** 		time=200;
 1810              		.loc 1 32 0
 1811 0028 C830A0E3 		mov	r3, #200
 1812 002c 18300BE5 		str	r3, [fp, #-24]
  33:../utils.c    **** 		adjust=1;
 1813              		.loc 1 33 0
 1814 0030 0130A0E3 		mov	r3, #1
 1815 0034 14300BE5 		str	r3, [fp, #-20]
  34:../utils.c    **** 		delayLoopCount=400;
 1816              		.loc 1 34 0
 1817 0038 D8309FE5 		ldr	r3, .L8
 1818 003c 192EA0E3 		mov	r2, #400
 1819 0040 002083E5 		str	r2, [r3, #0]
  35:../utils.c    **** 		rWTCON=((MCLK/1000000-1)<<8)|(2<<3);	// 1M/64,Watch-dog,nRESET,interrupt disable//
 1820              		.loc 1 35 0
 1821 0044 D0309FE5 		ldr	r3, .L8+4
 1822 0048 D0209FE5 		ldr	r2, .L8+8
 1823 004c 002083E5 		str	r2, [r3, #0]
  36:../utils.c    **** 		rWTDAT=0xffff;
 1824              		.loc 1 36 0
 1825 0050 CC309FE5 		ldr	r3, .L8+12
 1826 0054 CC209FE5 		ldr	r2, .L8+16
 1827 0058 002083E5 		str	r2, [r3, #0]
  37:../utils.c    **** 		rWTCNT=0xffff;
 1828              		.loc 1 37 0
 1829 005c C8309FE5 		ldr	r3, .L8+20
 1830 0060 C0209FE5 		ldr	r2, .L8+16
 1831 0064 002083E5 		str	r2, [r3, #0]
  38:../utils.c    **** 		rWTCON=((MCLK/1000000-1)<<8)|(2<<3)|(1<<5); // 1M/64,Watch-dog enable,nRESET,interrupt disable //
 1832              		.loc 1 38 0
 1833 0068 AC309FE5 		ldr	r3, .L8+4
 1834 006c BC209FE5 		ldr	r2, .L8+24
 1835 0070 002083E5 		str	r2, [r3, #0]
  39:../utils.c    **** 	}
  40:../utils.c    **** 	for(;time>0;time--)
 1836              		.loc 1 40 0
 1837 0074 0D0000EA 		b	.L3
 1838              	.L6:
  41:../utils.c    **** 		for(i=0;i<delayLoopCount;i++);
 1839              		.loc 1 41 0
 1840 0078 0030A0E3 		mov	r3, #0
 1841 007c 10300BE5 		str	r3, [fp, #-16]
 1842 0080 020000EA 		b	.L4
 1843              	.L5:
 1844              		.loc 1 41 0 is_stmt 0 discriminator 2
 1845 0084 10301BE5 		ldr	r3, [fp, #-16]
 1846 0088 013083E2 		add	r3, r3, #1
 1847 008c 10300BE5 		str	r3, [fp, #-16]
 1848              	.L4:
 1849              		.loc 1 41 0 discriminator 1
 1850 0090 80309FE5 		ldr	r3, .L8
 1851 0094 003093E5 		ldr	r3, [r3, #0]
 1852 0098 10201BE5 		ldr	r2, [fp, #-16]
 1853 009c 030052E1 		cmp	r2, r3
 1854 00a0 F7FFFFBA 		blt	.L5
  40:../utils.c    **** 	for(;time>0;time--)
 1855              		.loc 1 40 0 is_stmt 1
 1856 00a4 18301BE5 		ldr	r3, [fp, #-24]
 1857 00a8 013043E2 		sub	r3, r3, #1
 1858 00ac 18300BE5 		str	r3, [fp, #-24]
 1859              	.L3:
  40:../utils.c    **** 	for(;time>0;time--)
 1860              		.loc 1 40 0 is_stmt 0 discriminator 1
 1861 00b0 18301BE5 		ldr	r3, [fp, #-24]
 1862 00b4 000053E3 		cmp	r3, #0
 1863 00b8 EEFFFFCA 		bgt	.L6
  42:../utils.c    **** 	if(adjust==1)
 1864              		.loc 1 42 0 is_stmt 1
 1865 00bc 14301BE5 		ldr	r3, [fp, #-20]
 1866 00c0 010053E3 		cmp	r3, #1
 1867 00c4 1000001A 		bne	.L1
  43:../utils.c    **** 	{
  44:../utils.c    **** 		rWTCON=((MCLK/1000000-1)<<8)|(2<<3);
 1868              		.loc 1 44 0
 1869 00c8 4C309FE5 		ldr	r3, .L8+4
 1870 00cc 4C209FE5 		ldr	r2, .L8+8
 1871 00d0 002083E5 		str	r2, [r3, #0]
  45:../utils.c    **** 		i=0xffff-rWTCNT;   //  1count/16us?????????//
 1872              		.loc 1 45 0
 1873 00d4 50309FE5 		ldr	r3, .L8+20
 1874 00d8 003093E5 		ldr	r3, [r3, #0]
 1875 00dc FF3C63E2 		rsb	r3, r3, #65280
 1876 00e0 FF3083E2 		add	r3, r3, #255
 1877 00e4 10300BE5 		str	r3, [fp, #-16]
  46:../utils.c    **** 		delayLoopCount=8000000/(i*64);	//400*100/(i*64/200)   //
 1878              		.loc 1 46 0
 1879 00e8 10301BE5 		ldr	r3, [fp, #-16]
 1880 00ec 0333A0E1 		mov	r3, r3, asl #6
 1881 00f0 3C009FE5 		ldr	r0, .L8+28
 1882 00f4 0310A0E1 		mov	r1, r3
 1883 00f8 FEFFFFEB 		bl	__aeabi_idiv
 1884 00fc 0030A0E1 		mov	r3, r0
 1885 0100 0320A0E1 		mov	r2, r3
 1886 0104 0C309FE5 		ldr	r3, .L8
 1887 0108 002083E5 		str	r2, [r3, #0]
 1888              	.L1:
  47:../utils.c    **** 	}
  48:../utils.c    **** }
 1889              		.loc 1 48 0
 1890 010c 0CD04BE2 		sub	sp, fp, #12
 1891 0110 00689DE8 		ldmfd	sp, {fp, sp, lr}
 1892 0114 1EFF2FE1 		bx	lr
 1893              	.L9:
 1894              		.align	2
 1895              	.L8:
 1896 0118 00000000 		.word	delayLoopCount
 1897 011c 0000D301 		.word	30605312
 1898 0120 103F0000 		.word	16144
 1899 0124 0400D301 		.word	30605316
 1900 0128 FFFF0000 		.word	65535
 1901 012c 0800D301 		.word	30605320
 1902 0130 303F0000 		.word	16176
 1903 0134 00127A00 		.word	8000000
 1904              		.cfi_endproc
 1905              	.LFE0:
 1907              	.Letext0:
DEFINED SYMBOLS
                            *ABS*:00000000 utils.c
C:\Users\JOSIGN~1\AppData\Local\Temp\ccmXKBfE.s:1774   .data:00000000 $d
C:\Users\JOSIGN~1\AppData\Local\Temp\ccmXKBfE.s:1777   .data:00000000 delayLoopCount
C:\Users\JOSIGN~1\AppData\Local\Temp\ccmXKBfE.s:1781   .text:00000000 $a
C:\Users\JOSIGN~1\AppData\Local\Temp\ccmXKBfE.s:1784   .text:00000000 Delay
C:\Users\JOSIGN~1\AppData\Local\Temp\ccmXKBfE.s:1896   .text:00000118 $d
                     .debug_frame:00000010 $d

UNDEFINED SYMBOLS
__aeabi_idiv
